// Jest Snapshot v1, https://goo.gl/fbAQLP

exports[`matches snapshot 1`] = `
<DocumentFragment>
  <div>
    <form>
      <div>
        <label
          for="backgroundColor"
        >
          Color:
        </label>
        <input
          id="backgroundColor"
          name="backgroundColor"
          value=""
        />
      </div>
      <div>
        <label
          for="width"
        >
          Width:
        </label>
        <input
          id="width"
          name="width"
          type="text"
          value="0"
        />
      </div>
      <div>
        <label
          for="height"
        >
          Height:
        </label>
        <input
          id="height"
          name="height"
          type="text"
          value="0"
        />
      </div>
      <button>
        Add a new box!
      </button>
    </form>
    <div />
  </div>
</DocumentFragment>
`;
