// Jest Snapshot v1, https://goo.gl/fbAQLP

exports[`matches snapshot 1`] = `
<DocumentFragment>
  <div>
    <li>
      <p>
        Example Task
      </p>
      <button>
        X
      </button>
    </li>
  </div>
</DocumentFragment>
`;
